// Jest Snapshot v1, https://goo.gl/fbAQLP

exports[`Search should render a snapshot 1`] = `
.c0 {
  position: relative;
  display: flex;
  align-items: center;
}

.c0>input {
  width: 100%;
  outline: none;
  border: 1px solid #131118;
  padding: 1rem 4rem 1rem 1.6rem;
  border-radius: .8rem;
}

.c0>input:focus {
  outline: 3px solid #131118;
  outline-offset: 1px;
}

.c0>svg {
  position: absolute;
  right: 1.6rem;
}

<div>
  <div
    class="c0 search"
  >
    <input
      name="q"
      type="search"
      value=""
    />
    <svg
      class="lucide lucide-search "
      fill="none"
      height="18"
      stroke="currentColor"
      stroke-linecap="round"
      stroke-linejoin="round"
      stroke-width="2"
      viewBox="0 0 24 24"
      width="18"
      xmlns="http://www.w3.org/2000/svg"
    >
      <circle
        cx="11"
        cy="11"
        r="8"
      />
      <path
        d="m21 21-4.3-4.3"
      />
    </svg>
  </div>
  ,
</div>
`;
