// Jest Snapshot v1, https://goo.gl/fbAQLP

exports[`Color should render a snapshot 1`] = `
.c0 {
  width: 100%;
  display: flex;
  align-items: center;
  gap: .8rem;
}

.c3 {
  width: 100%;
  background-color: transparent;
  outline: none;
  border: none;
  text-align: left;
  text-transform: capitalize;
  font-size: 1.2rem;
  padding: .8rem 1rem;
  border-radius: 0.5rem;
  cursor: pointer;
}

.c3:hover {
  background-color: #f0f0f0;
}

.c2 {
  display: none;
  visibility: hidden;
}

.c1 {
  width: 3.5rem;
  height: 3rem;
  background-color: #000;
  border-radius: 0.5rem;
  display: flex;
  align-items: center;
  justify-content: center;
  border: 1px solid #f0f0f0;
  margin: 0.3rem;
}

.c1.active {
  outline: 2px solid #131118;
  outline-offset: 1px;
}

<div>
  <div
    class="c0"
  >
    <div
      class="c1 active"
      data-testid="color"
    />
    <input
      class="c2"
      data-testid="checkbox"
      id="preto"
      type="checkbox"
    />
    <label
      class="c3"
      for="preto"
    >
      preto
    </label>
  </div>
  ,
</div>
`;
