// Jest Snapshot v1, https://goo.gl/fbAQLP

exports[`MainLoading should render a snapshot 1`] = `
.c0 {
  flex: 1;
  display: flex;
  flex-direction: column;
  justify-content: center;
  align-items: center;
  gap: 2.4rem;
}

.c0>svg {
  stroke-width: 1px;
  stroke-dasharray: 360;
  stroke-dashoffset: 1000;
  animation: draw 2s ease-in-out;
}

.c1 {
  text-transform: uppercase;
  animation: blink 800ms ease-in-out infinite;
}

<div>
  <div
    class="c0"
  >
    <svg
      data-testid="svg"
      height="100"
      id="SVGRoot"
      version="1.1"
      viewBox="0 0 30 30"
      width="100"
      xmlns="http://www.w3.org/2000/svg"
    >
      <g
        stroke="#000"
        stroke-width="1px"
        transform="matrix(.5277 0 0 .52555 .36018 -5.0307)"
      >
        <path
          d="m-0.09638 10.718 12.51 10.912-12.51 9.7809z"
        />
        <path
          d="m0.86201 37.182 35.08-27.046 19 9.66e-4 -32.121 27.035z"
        />
        <path
          d="m-0.096472 45.676 12.352 9.8645-12.347 10.088z"
        />
        <path
          d="m0.90032 40 21.927-6e-3 32.083 26.197-18.915-0.0079z"
        />
      </g>
    </svg>
    <span
      class="c1"
    >
      Carregando...
    </span>
  </div>
</div>
`;
