// Jest Snapshot v1, https://goo.gl/fbAQLP

exports[`BreadCrumb should render a snapshot 1`] = `
.c0 {
  display: flex;
  align-items: center;
  gap: .8rem;
  padding: 2.4rem 0;
  text-transform: capitalize;
  font-size: 1.2rem;
  font-weight: 600;
}

.c0>a {
  display: flex;
  align-items: center;
}

.c0>a:hover {
  text-decoration: underline;
}

.c0>a>svg {
  width: 1.5rem;
}

<div>
  <div
    class="c0"
  >
    <a
      href="/"
    >
      home 
      <svg
        class="lucide lucide-chevron-right "
        fill="none"
        height="24"
        stroke="currentColor"
        stroke-linecap="round"
        stroke-linejoin="round"
        stroke-width="2"
        viewBox="0 0 24 24"
        width="24"
        xmlns="http://www.w3.org/2000/svg"
      >
        <path
          d="m9 18 6-6-6-6"
        />
      </svg>
    </a>
    <a
      href="/shop"
    >
      shop 
      <svg
        class="lucide lucide-chevron-right "
        fill="none"
        height="24"
        stroke="currentColor"
        stroke-linecap="round"
        stroke-linejoin="round"
        stroke-width="2"
        viewBox="0 0 24 24"
        width="24"
        xmlns="http://www.w3.org/2000/svg"
      >
        <path
          d="m9 18 6-6-6-6"
        />
      </svg>
    </a>
    <span>
      camiseta
    </span>
  </div>
  ,
</div>
`;
