// Jest Snapshot v1, https://goo.gl/fbAQLP

exports[`Heading should render to match snapshot 1`] = `
.c0 {
  font-size: 1.6rem;
  text-transform: lowercase;
  text-align: left;
  font-weight: normal;
}

<div>
  <h3
    class="c0"
  >
    Heading
  </h3>
</div>
`;
